<?xml version="1.0" encoding="utf-8"?><testsuites><testsuite name="pytest" errors="0" failures="0" skipped="0" tests="5" time="130.538" timestamp="2022-06-30T14:26:37.816082" hostname="fossa"><testcase classname="tests.test_admin" name="test_constance" time="122.080" /><testcase classname="tests.test_admin" name="test_index_default" time="0.606" /><testcase classname="tests.test_admin" name="test_index_old" time="0.230" /><testcase classname="tests.test_admin" name="test_schemaaccesscontrol_list" time="0.211" /><testcase classname="tests.test_admin" name="test_schemaaccesscontrol_change" time="0.312" /></testsuite></testsuites>